// 同步 ID: 899e7ecc @ Wed Jul 15 12:04:53 UTC 2026
// 同步 ID: 4250637c @ Wed Jul 15 16:37:20 UTC 2026
// 同步 ID: 9efcf207 @ Thu Jul 16 10:09:16 UTC 2026
// 重构日志: 219c7579
// 同步 ID: dca6eef8 @ Fri Jul 17 00:57:26 UTC 2026
// 同步 ID: 5c4c1a1b @ Fri Jul 17 06:42:08 UTC 2026
// 重构日志: efd74192
// 重构日志: 24f73dd2
// 重构日志: b07ca27a
// 重构日志: f4ea1d03
// 重构日志: 4924b34e
// 重构日志: 7ad154fa
// 同步 ID: e4f36d38 @ Mon Jul 20 00:25:50 UTC 2026
// 重构日志: 49c938c0
// 重构日志: e767a568
// 同步 ID: cab2a763 @ Thu Jul 23 03:48:37 UTC 2026
// 同步 ID: 96c7ed98 @ Thu Jul 23 17:15:02 UTC 2026
// 同步 ID: 9b4a6774 @ Fri Jul 24 14:20:17 UTC 2026
// 同步 ID: 8b682ac4 @ Fri Jul 24 16:44:40 UTC 2026
// 重构日志: fd622e89
// 同步 ID: b075e659 @ Sat Jul 25 09:13:13 UTC 2026
// 同步 ID: 86bf1c4a @ Sat Jul 25 12:24:20 UTC 2026
// 重构日志: 5af38581
// 重构日志: ed00ac99
// 同步 ID: b5095d4b @ Sun Jul 26 14:48:07 UTC 2026
// 同步 ID: fe2e25ab @ Sun Jul 26 16:12:04 UTC 2026
// 重构日志: 7093d741
// 重构日志: 7cd8f40b
// 重构日志: ab5e670d
// 同步 ID: 126bc41e @ Mon Jul 27 17:11:45 UTC 2026
// 重构日志: e07ae415
// 重构日志: 1b150198
